Model device: mps:0
JS injection test | all 10 ratios | test_task=MCQ | layers [3] | alphas [4.0] | n_icl=4 | n_bootstrap=1000 | n_perm=10000
Test examples (MCQ format): 50

layer  3, alpha  4.0: mean centered diag = +0.0008 [+0.0006, +0.0010]  row-min 1/10  boot-sig: no  perm-p: 1.0000  (trace obs 199.070 vs null 198.681)
  Raw mean JS(Q_inject(r) || P_ICL(r'))  [lower = closer; * = row min]:
      inject \ ICL      3-0-0     0-3-0     0-0-3     2-1-0     1-2-0     0-2-1     0-1-2     2-0-1     1-0-2     1-1-1
             3-0-0    0.2808    0.6599    0.0710*   0.5048    0.6069    0.6251    0.5236    0.0899    0.0866    0.5377 
             0-3-0    0.2689    0.6617    0.0663*   0.5066    0.6086    0.6269    0.5250    0.0855    0.0853    0.5394 
             0-0-3    0.2653    0.6598    0.0644*   0.5049    0.6066    0.6250    0.5233    0.0843    0.0842    0.5376 
             2-1-0    0.2786    0.6605    0.0701*   0.5055    0.6075    0.6257    0.5241    0.0891    0.0864    0.5383 
             1-2-0    0.2755    0.6610    0.0689*   0.5060    0.6080    0.6263    0.5245    0.0879    0.0860    0.5388 
             0-2-1    0.2699    0.6612    0.0666*   0.5061    0.6081    0.6264    0.5245    0.0859    0.0852    0.5389 
             0-1-2    0.2677    0.6605    0.0655*   0.5055    0.6073    0.6257    0.5239    0.0850    0.0847    0.5382 
             2-0-1    0.2738    0.6602    0.0680*   0.5053    0.6072    0.6254    0.5238    0.0874    0.0856    0.5381 
             1-0-2    0.2683    0.6600    0.0657*   0.5053    0.6070    0.6253    0.5236    0.0855    0.0848    0.5379 
             1-1-1    0.2732    0.6607    0.0678*   0.5057    0.6077    0.6259    0.5242    0.0871    0.0856    0.5385 

  Diagonal is row-minimum: 1/10   Diagonal CI upper bound < 0: 4/10


=== Task-matching vs depth ===
  bootstrap meanDiag (effect size, more negative = stronger) | permutation p (significance)
 layer  alpha   meanDiag                 95% CI  row-min   perm-p
     3    4.0    +0.0008  [+0.0006, +0.0010]      1/10  1.0000 

Permutation p < 0.05 (*): injecting the (weighted-sum) vector for ratio r reproduces real ratio-r ICL behavior better than chance relabeling. Bootstrap meanDiag/CI gives the effect size.
Note: with 10 ratios, adjacent ratios (e.g. 2-1-0 vs 1-2-0) are genuinely similar, so row-min/10 will be < 10 even when the effect is real — lean on the permutation p (pooled trace), which stays valid because random relabelings pair dissimilar ratios.
