Ratio 3-0-0  (Direct=1.00, MCQ=0.00, Verification=0.00)
  Extracting probe at layer 1 (50 samples)... done
  Bootstrap CI (1000 resamples)...
    Direct         α=+1.005  (true 1.00)  95% CI [+0.980, +1.030]
    MCQ            α=+0.002  (true 0.00)  95% CI [-0.027, +0.032]
    Verification   α=-0.007  (true 0.00)  95% CI [-0.060, +0.046]
    L2 error: 0.0092
  Null L2 (1000 random-centroid draws): mean=0.9181  std=0.0212  p=0.0000

Ratio 0-3-0  (Direct=0.00, MCQ=1.00, Verification=0.00)
  Extracting probe at layer 1 (50 samples)... done
  Bootstrap CI (1000 resamples)...
    Direct         α=+0.007  (true 0.00)  95% CI [-0.022, +0.036]
    MCQ            α=+1.000  (true 1.00)  95% CI [+0.946, +1.056]
    Verification   α=-0.006  (true 0.00)  95% CI [-0.066, +0.055]
    L2 error: 0.0092
  Null L2 (1000 random-centroid draws): mean=0.9778  std=0.0207  p=0.0000

Ratio 0-0-3  (Direct=0.00, MCQ=0.00, Verification=1.00)
  Extracting probe at layer 1 (50 samples)... done
  Bootstrap CI (1000 resamples)...
    Direct         α=-0.013  (true 0.00)  95% CI [-0.054, +0.031]
    MCQ            α=-0.008  (true 0.00)  95% CI [-0.045, +0.028]
    Verification   α=+1.020  (true 1.00)  95% CI [+0.953, +1.083]
    L2 error: 0.0251
  Null L2 (1000 random-centroid draws): mean=0.5954  std=0.0172  p=0.0000

Ratio 2-1-0  (Direct=0.67, MCQ=0.33, Verification=0.00)
  Extracting probe at layer 1 (50 samples)... done
  Bootstrap CI (1000 resamples)...
    Direct         α=+0.571  (true 0.67)  95% CI [+0.528, +0.610]
    MCQ            α=+0.391  (true 0.33)  95% CI [+0.342, +0.440]
    Verification   α=+0.038  (true 0.00)  95% CI [-0.018, +0.095]
    L2 error: 0.1182
  Null L2 (1000 random-centroid draws): mean=0.6602  std=0.0116  p=0.0000

Ratio 1-2-0  (Direct=0.33, MCQ=0.67, Verification=0.00)
  Extracting probe at layer 1 (50 samples)... done
  Bootstrap CI (1000 resamples)...
    Direct         α=+0.246  (true 0.33)  95% CI [+0.205, +0.288]
    MCQ            α=+0.741  (true 0.67)  95% CI [+0.684, +0.797]
    Verification   α=+0.013  (true 0.00)  95% CI [-0.047, +0.073]
    L2 error: 0.1157
  Null L2 (1000 random-centroid draws): mean=0.6881  std=0.0154  p=0.0000

Ratio 0-2-1  (Direct=0.00, MCQ=0.67, Verification=0.33)
  Extracting probe at layer 1 (50 samples)... done
  Bootstrap CI (1000 resamples)...
    Direct         α=+0.007  (true 0.00)  95% CI [-0.028, +0.041]
    MCQ            α=+0.679  (true 0.67)  95% CI [+0.605, +0.757]
    Verification   α=+0.314  (true 0.33)  95% CI [+0.223, +0.409]
    L2 error: 0.0240
  Null L2 (1000 random-centroid draws): mean=0.5581  std=0.0137  p=0.0000

Ratio 0-1-2  (Direct=0.00, MCQ=0.33, Verification=0.67)
  Extracting probe at layer 1 (50 samples)... done
  Bootstrap CI (1000 resamples)...
    Direct         α=-0.023  (true 0.00)  95% CI [-0.063, +0.019]
    MCQ            α=+0.329  (true 0.33)  95% CI [+0.261, +0.396]
    Verification   α=+0.694  (true 0.67)  95% CI [+0.606, +0.779]
    L2 error: 0.0365
  Null L2 (1000 random-centroid draws): mean=0.3333  std=0.0114  p=0.0000

Ratio 2-0-1  (Direct=0.67, MCQ=0.00, Verification=0.33)
  Extracting probe at layer 1 (50 samples)... done
  Bootstrap CI (1000 resamples)...
    Direct         α=+0.610  (true 0.67)  95% CI [+0.559, +0.656]
    MCQ            α=-0.007  (true 0.00)  95% CI [-0.045, +0.029]
    Verification   α=+0.397  (true 0.33)  95% CI [+0.321, +0.477]
    L2 error: 0.0859
  Null L2 (1000 random-centroid draws): mean=0.4852  std=0.0138  p=0.0000

Ratio 1-0-2  (Direct=0.33, MCQ=0.00, Verification=0.67)
  Extracting probe at layer 1 (50 samples)... done
  Bootstrap CI (1000 resamples)...
    Direct         α=+0.263  (true 0.33)  95% CI [+0.212, +0.318]
    MCQ            α=-0.009  (true 0.00)  95% CI [-0.047, +0.027]
    Verification   α=+0.745  (true 0.67)  95% CI [+0.672, +0.815]
    L2 error: 0.1056
  Null L2 (1000 random-centroid draws): mean=0.2696  std=0.0127  p=0.0000

Ratio 1-1-1  (Direct=0.33, MCQ=0.33, Verification=0.33)
  Extracting probe at layer 1 (50 samples)... done
  Bootstrap CI (1000 resamples)...
    Direct         α=+0.270  (true 0.33)  95% CI [+0.224, +0.315]
    MCQ            α=+0.386  (true 0.33)  95% CI [+0.320, +0.456]
    Verification   α=+0.344  (true 0.33)  95% CI [+0.259, +0.429]
    L2 error: 0.0831
  Null L2 (1000 random-centroid draws): mean=0.2259  std=0.0086  p=0.0000

Done.