Model device: mps:0
JS injection test | all 10 ratios | layers [3] | alphas [4.0] | n_icl=4 | n_bootstrap=1000 | n_perm=10000
Test countries: 50

layer  3, alpha  4.0: mean centered diag = -0.0030 [-0.0036, -0.0023]  row-min 1/10  boot-sig: YES  perm-p: 0.0001  (trace obs 263.850 vs null 265.334)
  Raw mean JS(Q_inject(r) || P_ICL(r'))  [lower = closer; * = row min]:
      inject \ ICL      3-0-0     0-3-0     0-0-3     2-1-0     1-2-0     0-2-1     0-1-2     2-0-1     1-0-2     1-1-1
             3-0-0    0.3322*   0.4901    0.5444    0.6187    0.6196    0.5157    0.5630    0.4220    0.4327    0.6295 
             0-3-0    0.3791*   0.4912    0.5697    0.6443    0.6448    0.5362    0.5838    0.4560    0.4793    0.6545 
             0-0-3    0.3695*   0.5019    0.5651    0.6420    0.6428    0.5368    0.5811    0.4509    0.4727    0.6523 
             2-1-0    0.3379*   0.4847    0.5470    0.6225    0.6233    0.5157    0.5643    0.4253    0.4402    0.6332 
             1-2-0    0.3507*   0.4836    0.5540    0.6297    0.6303    0.5209    0.5698    0.4346    0.4540    0.6402 
             0-2-1    0.3727*   0.4934    0.5664    0.6423    0.6429    0.5345    0.5811    0.4519    0.4747    0.6525 
             0-1-2    0.3701*   0.4974    0.5652    0.6417    0.6424    0.5351    0.5804    0.4506    0.4729    0.6519 
             2-0-1    0.3386*   0.4892    0.5476    0.6236    0.6244    0.5179    0.5654    0.4263    0.4414    0.6342 
             1-0-2    0.3501*   0.4929    0.5538    0.6305    0.6313    0.5243    0.5706    0.4352    0.4541    0.6410 
             1-1-1    0.3495*   0.4879    0.5533    0.6297    0.6304    0.5220    0.5696    0.4342    0.4533    0.6402 

  Diagonal is row-minimum: 1/10   Diagonal CI upper bound < 0: 7/10


=== Task-matching vs depth ===
  bootstrap meanDiag (effect size, more negative = stronger) | permutation p (significance)
 layer  alpha   meanDiag                 95% CI  row-min   perm-p
     3    4.0    -0.0030  [-0.0036, -0.0023]      1/10  0.0001*

Permutation p < 0.05 (*): injecting the (weighted-sum) vector for ratio r reproduces real ratio-r ICL behavior better than chance relabeling. Bootstrap meanDiag/CI gives the effect size.
Note: with 10 ratios, adjacent ratios (e.g. 2-1-0 vs 1-2-0) are genuinely similar, so row-min/10 will be < 10 even when the effect is real — lean on the permutation p (pooled trace), which stays valid because random relabelings pair dissimilar ratios.
