JS injection test | layers [1, 3, 6, 8, 11, 14, 18, 21] | alphas [4.0] | n_icl=4 | n_bootstrap=1000
Test countries: 30

layer  1, alpha  4.0: mean centered diag = +0.0000 [-0.0000, +0.0001]  row-min 1/3  boot-sig: no  perm-p: 0.7912  (trace obs 51.475 vs null 51.473)
layer  3, alpha  4.0: mean centered diag = +0.0000 [-0.0000, +0.0001]  row-min 0/3  boot-sig: no  perm-p: 0.9093  (trace obs 51.492 vs null 51.488)
layer  6, alpha  4.0: mean centered diag = -0.0009 [-0.0034, +0.0015]  row-min 2/3  boot-sig: no  perm-p: 0.2006  (trace obs 53.731 vs null 53.815)
layer  8, alpha  4.0: mean centered diag = -0.0031 [-0.0056, -0.0001]  row-min 1/3  boot-sig: YES  perm-p: 0.0430  (trace obs 55.576 vs null 55.862)
layer 11, alpha  4.0: mean centered diag = -0.0032 [-0.0051, -0.0016]  row-min 3/3  boot-sig: YES  perm-p: 0.0001  (trace obs 60.008 vs null 60.293)
layer 14, alpha  4.0: mean centered diag = -0.0244 [-0.0393, -0.0100]  row-min 2/3  boot-sig: YES  perm-p: 0.0005  (trace obs 55.543 vs null 57.744)
layer 18, alpha  4.0: mean centered diag = -0.0303 [-0.0441, -0.0182]  row-min 3/3  boot-sig: YES  perm-p: 0.0001  (trace obs 57.133 vs null 59.850)
layer 21, alpha  4.0: mean centered diag = -0.0204 [-0.0317, -0.0114]  row-min 3/3  boot-sig: YES  perm-p: 0.0001  (trace obs 58.810 vs null 60.635)

=== Task-matching vs depth ===
  bootstrap meanDiag (effect size, more negative = stronger) | permutation p (significance)
 layer  alpha   meanDiag                 95% CI  row-min   perm-p
     1    4.0    +0.0000  [-0.0000, +0.0001]       1/3  0.7912 
     3    4.0    +0.0000  [-0.0000, +0.0001]       0/3  0.9093 
     6    4.0    -0.0009  [-0.0034, +0.0015]       2/3  0.2006 
     8    4.0    -0.0031  [-0.0056, -0.0001]       1/3  0.0430*
    11    4.0    -0.0032  [-0.0051, -0.0016]       3/3  0.0001*
    14    4.0    -0.0244  [-0.0393, -0.0100]       2/3  0.0005*
    18    4.0    -0.0303  [-0.0441, -0.0182]       3/3  0.0001*
    21    4.0    -0.0204  [-0.0317, -0.0114]       3/3  0.0001*

Permutation p < 0.05 (*): the matched diagonal is significantly the lowest-JS configuration — injection task-selectively reproduces ICL behavior, beyond chance relabeling. Bootstrap meanDiag/CI gives the effect size. Pre-select the primary layer from the κ result, not from this curve.