Model device: mps:0
JS injection test | all 10 ratios | test_task=Direct | layers [27] | alphas [6.0] | n_icl=4 | n_bootstrap=1000 | n_perm=10000
Test examples (Direct format): 50

layer 27, alpha  6.0: mean centered diag = -0.0196 [-0.0247, -0.0146]  row-min 2/10  boot-sig: YES  perm-p: 0.0001  (trace obs 322.370 vs null 332.170)
  Raw mean JS(Q_inject(r) || P_ICL(r'))  [lower = closer; * = row min]:
      inject \ ICL      3-0-0     0-3-0     0-0-3     2-1-0     1-2-0     0-2-1     0-1-2     2-0-1     1-0-2     1-1-1
             3-0-0    0.6928    0.6926    0.6926    0.6927    0.6925    0.6925    0.6923*   0.6925    0.6924    0.6924 
             0-3-0    0.6932    0.6143    0.6931    0.6930    0.5957*   0.6783    0.6926    0.6931    0.6931    0.6929 
             0-0-3    0.6865    0.6801    0.6766    0.6856    0.6781    0.6763    0.6749    0.6765    0.6746*   0.6762 
             2-1-0    0.6928    0.6766    0.6925    0.6926    0.6727*   0.6862    0.6919    0.6925    0.6924    0.6922 
             1-2-0    0.6931    0.6133    0.6931    0.6929    0.5950*   0.6776    0.6925    0.6931    0.6931    0.6928 
             0-2-1    0.6931    0.5880    0.6926    0.6921    0.5730*   0.6609    0.6906    0.6926    0.6925    0.6917 
             0-1-2    0.6547    0.6135    0.5693*   0.6530    0.6124    0.5742    0.5700    0.5991    0.5763    0.6014 
             2-0-1    0.6921    0.6912    0.6911    0.6919    0.6910    0.6908    0.6904*   0.6908    0.6905    0.6907 
             1-0-2    0.6571    0.6274    0.5821*   0.6558    0.6254    0.5901    0.5829    0.6066    0.5863    0.6092 
             1-1-1    0.6841    0.6446    0.6672    0.6826    0.6400*   0.6549    0.6649    0.6684    0.6648    0.6682 

  Diagonal is row-minimum: 2/10   Diagonal CI upper bound < 0: 8/10


=== Task-matching vs depth ===
  bootstrap meanDiag (effect size, more negative = stronger) | permutation p (significance)
 layer  alpha   meanDiag                 95% CI  row-min   perm-p
    27    6.0    -0.0196  [-0.0247, -0.0146]      2/10  0.0001*

Permutation p < 0.05 (*): injecting the (weighted-sum) vector for ratio r reproduces real ratio-r ICL behavior better than chance relabeling. Bootstrap meanDiag/CI gives the effect size.
Note: with 10 ratios, adjacent ratios (e.g. 2-1-0 vs 1-2-0) are genuinely similar, so row-min/10 will be < 10 even when the effect is real — lean on the permutation p (pooled trace), which stays valid because random relabelings pair dissimilar ratios.
