JS injection test | 3 pure tasks | test_task=MCQ | layers [2, 4, 7, 11, 14, 18, 23, 27] | alphas [4.0] | n_icl=4 | n_bootstrap=1000 | n_perm=10000
Test examples (MCQ format): 50

layer  2, alpha  4.0: mean centered diag = -0.0024 [-0.0034, -0.0014]  row-min 3/3  boot-sig: YES  perm-p: 0.0001  (trace obs 76.691 vs null 77.051)
layer  4, alpha  4.0: mean centered diag = +0.0034 [+0.0013, +0.0058]  row-min 0/3  boot-sig: no  perm-p: 0.9893  (trace obs 79.228 vs null 78.718)
layer  7, alpha  4.0: mean centered diag = -0.0078 [-0.0131, -0.0031]  row-min 1/3  boot-sig: YES  perm-p: 0.0059  (trace obs 63.349 vs null 64.535)
layer 11, alpha  4.0: mean centered diag = -0.0116 [-0.0194, -0.0045]  row-min 1/3  boot-sig: YES  perm-p: 0.0019  (trace obs 76.482 vs null 78.211)
layer 14, alpha  4.0: mean centered diag = +0.0010 [-0.0119, +0.0137]  row-min 1/3  boot-sig: no  perm-p: 0.5455  (trace obs 58.431 vs null 58.272)
layer 18, alpha  4.0: mean centered diag = -0.0006 [-0.0064, +0.0051]  row-min 1/3  boot-sig: no  perm-p: 0.4133  (trace obs 97.074 vs null 97.171)
layer 23, alpha  4.0: mean centered diag = +0.0118 [+0.0004, +0.0226]  row-min 1/3  boot-sig: no  perm-p: 0.9879  (trace obs 74.107 vs null 72.344)
layer 27, alpha  4.0: mean centered diag = -0.0356 [-0.0463, -0.0255]  row-min 3/3  boot-sig: YES  perm-p: 0.0001  (trace obs 76.105 vs null 81.449)

=== Task-matching vs depth ===
  bootstrap meanDiag (effect size, more negative = stronger) | permutation p (significance)
 layer  alpha   meanDiag                 95% CI  row-min   perm-p
     2    4.0    -0.0024  [-0.0034, -0.0014]       3/3  0.0001*
     4    4.0    +0.0034  [+0.0013, +0.0058]       0/3  0.9893 
     7    4.0    -0.0078  [-0.0131, -0.0031]       1/3  0.0059*
    11    4.0    -0.0116  [-0.0194, -0.0045]       1/3  0.0019*
    14    4.0    +0.0010  [-0.0119, +0.0137]       1/3  0.5455 
    18    4.0    -0.0006  [-0.0064, +0.0051]       1/3  0.4133 
    23    4.0    +0.0118  [+0.0004, +0.0226]       1/3  0.9879 
    27    4.0    -0.0356  [-0.0463, -0.0255]       3/3  0.0001*

Permutation p < 0.05 (*): injecting the (weighted-sum) vector for ratio r reproduces real ratio-r ICL behavior better than chance relabeling. Bootstrap meanDiag/CI gives the effect size.