Model device: mps:0
JS injection test | 3 pure tasks | test_task=Verification | layers [2, 4, 7, 11, 14, 18, 23, 27] | alphas [4.0] | n_icl=4 | n_bootstrap=1000 | n_perm=10000
Test examples (Verification format): 50

layer  2, alpha  4.0: mean centered diag = +0.0007 [+0.0005, +0.0010]  row-min 0/3  boot-sig: no  perm-p: 1.0000  (trace obs 38.291 vs null 38.180)
layer  4, alpha  4.0: mean centered diag = -0.0006 [-0.0010, -0.0002]  row-min 2/3  boot-sig: YES  perm-p: 0.0004  (trace obs 37.745 vs null 37.828)
layer  7, alpha  4.0: mean centered diag = -0.0035 [-0.0049, -0.0021]  row-min 3/3  boot-sig: YES  perm-p: 0.0001  (trace obs 37.093 vs null 37.611)
layer 11, alpha  4.0: mean centered diag = -0.0172 [-0.0203, -0.0144]  row-min 2/3  boot-sig: YES  perm-p: 0.0001  (trace obs 41.021 vs null 43.598)
layer 14, alpha  4.0: mean centered diag = +0.0427 [+0.0361, +0.0485]  row-min 1/3  boot-sig: no  perm-p: 1.0000  (trace obs 69.355 vs null 62.925)
layer 18, alpha  4.0: mean centered diag = +0.0758 [+0.0658, +0.0852]  row-min 0/3  boot-sig: no  perm-p: 1.0000  (trace obs 80.998 vs null 69.611)
layer 23, alpha  4.0: mean centered diag = -0.0107 [-0.0136, -0.0081]  row-min 1/3  boot-sig: YES  perm-p: 0.0001  (trace obs 100.989 vs null 102.589)
layer 27, alpha  4.0: mean centered diag = -0.0252 [-0.0311, -0.0207]  row-min 3/3  boot-sig: YES  perm-p: 0.0001  (trace obs 97.604 vs null 101.386)

=== Task-matching vs depth ===
  bootstrap meanDiag (effect size, more negative = stronger) | permutation p (significance)
 layer  alpha   meanDiag                 95% CI  row-min   perm-p
     2    4.0    +0.0007  [+0.0005, +0.0010]       0/3  1.0000 
     4    4.0    -0.0006  [-0.0010, -0.0002]       2/3  0.0004*
     7    4.0    -0.0035  [-0.0049, -0.0021]       3/3  0.0001*
    11    4.0    -0.0172  [-0.0203, -0.0144]       2/3  0.0001*
    14    4.0    +0.0427  [+0.0361, +0.0485]       1/3  1.0000 
    18    4.0    +0.0758  [+0.0658, +0.0852]       0/3  1.0000 
    23    4.0    -0.0107  [-0.0136, -0.0081]       1/3  0.0001*
    27    4.0    -0.0252  [-0.0311, -0.0207]       3/3  0.0001*

Permutation p < 0.05 (*): injecting the (weighted-sum) vector for ratio r reproduces real ratio-r ICL behavior better than chance relabeling. Bootstrap meanDiag/CI gives the effect size.
