Model device: mps:0
JS injection test | all 10 ratios | layers [27] | alphas [4.0] | n_icl=4 | n_bootstrap=1000 | n_perm=10000
Test countries: 30

layer 27, alpha  4.0: mean centered diag = -0.0012 [-0.0014, -0.0009]  row-min 4/10  boot-sig: YES  perm-p: 0.0001  (trace obs 207.179 vs null 207.528)
  Raw mean JS(Q_inject(r) || P_ICL(r'))  [lower = closer; * = row min]:
      inject \ ICL      3-0-0     0-3-0     0-0-3     2-1-0     1-2-0     0-2-1     0-1-2     2-0-1     1-0-2     1-1-1
             3-0-0    0.6902    0.6920    0.6925    0.6899    0.6910    0.6911    0.6917    0.6902    0.6917    0.6898*
             0-3-0    0.6930    0.6927    0.6930    0.6928    0.6926    0.6926*   0.6928    0.6930    0.6930    0.6927 
             0-0-3    0.6926    0.6923    0.6839*   0.6923    0.6920    0.6891    0.6885    0.6925    0.6874    0.6914 
             2-1-0    0.6916    0.6920    0.6929    0.6911    0.6915    0.6915    0.6921    0.6913    0.6926    0.6908*
             1-2-0    0.6929    0.6926    0.6930    0.6927    0.6924    0.6924*   0.6926    0.6929    0.6929    0.6925 
             0-2-1    0.6929    0.6925    0.6930    0.6926    0.6923*   0.6923    0.6925    0.6929    0.6929    0.6924 
             0-1-2    0.6928    0.6924    0.6926    0.6925    0.6922    0.6920*   0.6923    0.6928    0.6926    0.6922 
             2-0-1    0.6908    0.6922    0.6928    0.6904    0.6917    0.6917    0.6922    0.6903*   0.6924    0.6904 
             1-0-2    0.6921    0.6919    0.6883*   0.6916    0.6913    0.6898    0.6898    0.6920    0.6895    0.6908 
             1-1-1    0.6924    0.6919    0.6927    0.6918    0.6914    0.6913    0.6919    0.6924    0.6924    0.6913*

  Diagonal is row-minimum: 4/10   Diagonal CI upper bound < 0: 8/10


=== Task-matching vs depth ===
  bootstrap meanDiag (effect size, more negative = stronger) | permutation p (significance)
 layer  alpha   meanDiag                 95% CI  row-min   perm-p
    27    4.0    -0.0012  [-0.0014, -0.0009]      4/10  0.0001*

Permutation p < 0.05 (*): injecting the (weighted-sum) vector for ratio r reproduces real ratio-r ICL behavior better than chance relabeling. Bootstrap meanDiag/CI gives the effect size.
Note: with 10 ratios, adjacent ratios (e.g. 2-1-0 vs 1-2-0) are genuinely similar, so row-min/10 will be < 10 even when the effect is real — lean on the permutation p (pooled trace), which stays valid because random relabelings pair dissimilar ratios.
