Model device: mps:0
JS injection test | all 10 ratios | test_task=MCQ | layers [27] | alphas [4.0] | n_icl=4 | n_bootstrap=1000 | n_perm=10000
Test examples (MCQ format): 50

layer 27, alpha  4.0: mean centered diag = -0.0170 [-0.0243, -0.0102]  row-min 1/10  boot-sig: YES  perm-p: 0.0001  (trace obs 187.685 vs null 196.188)
  Raw mean JS(Q_inject(r) || P_ICL(r'))  [lower = closer; * = row min]:
      inject \ ICL      3-0-0     0-3-0     0-0-3     2-1-0     1-2-0     0-2-1     0-1-2     2-0-1     1-0-2     1-1-1
             3-0-0    0.5729    0.6366    0.6315    0.6277    0.6358    0.6351    0.6118    0.5634    0.5541*   0.6139 
             0-3-0    0.3392    0.2690    0.3967    0.2980    0.2460*   0.2757    0.2821    0.4266    0.4488    0.2545 
             0-0-3    0.6786    0.6817    0.6801    0.6825    0.6816    0.6815    0.6788    0.6793    0.6784*   0.6799 
             2-1-0    0.3823    0.3019    0.4132    0.3273    0.2760*   0.3127    0.3100    0.4414    0.4621    0.2917 
             1-2-0    0.2781    0.2400    0.2762    0.2770    0.2477    0.2401    0.2261    0.3386    0.3650    0.2133*
             0-2-1    0.2526    0.2768    0.2050*   0.3200    0.3152    0.2672    0.2325    0.2890    0.3155    0.2373 
             0-1-2    0.2650    0.3082    0.2081*   0.3553    0.3626    0.3008    0.2599    0.2950    0.3290    0.2676 
             2-0-1    0.3875    0.4062    0.4081    0.4184    0.4146    0.4091    0.3662*   0.4233    0.4416    0.3706 
             1-0-2    0.4076    0.4460    0.4172    0.4679    0.4661    0.4459    0.4055*   0.4311    0.4544    0.4110 
             1-1-1    0.2730    0.2878    0.2146*   0.3300    0.3240    0.2810    0.2435    0.3014    0.3279    0.2519 

  Diagonal is row-minimum: 1/10   Diagonal CI upper bound < 0: 5/10


=== Task-matching vs depth ===
  bootstrap meanDiag (effect size, more negative = stronger) | permutation p (significance)
 layer  alpha   meanDiag                 95% CI  row-min   perm-p
    27    4.0    -0.0170  [-0.0243, -0.0102]      1/10  0.0001*

Permutation p < 0.05 (*): injecting the (weighted-sum) vector for ratio r reproduces real ratio-r ICL behavior better than chance relabeling. Bootstrap meanDiag/CI gives the effect size.
Note: with 10 ratios, adjacent ratios (e.g. 2-1-0 vs 1-2-0) are genuinely similar, so row-min/10 will be < 10 even when the effect is real — lean on the permutation p (pooled trace), which stays valid because random relabelings pair dissimilar ratios.
